
============================================================
  SPD 0.5x
============================================================
0:04, 19.94it/s]
0.5x CI:  82%|████████▏ | 399/488 [00:19<00:04, 19.94it/s]
0.5x CI:  82%|████████▏ | 401/488 [00:20<00:04, 19.93it/s]
0.5x CI:  83%|████████▎ | 403/488 [00:20<00:04, 19.93it/s]
0.5x CI:  83%|████████▎ | 405/488 [00:20<00:04, 19.93it/s]
0.5x CI:  83%|████████▎ | 407/488 [00:20<00:04, 19.91it/s]
0.5x CI:  84%|████████▍ | 409/488 [00:20<00:03, 19.91it/s]
0.5x CI:  84%|████████▍ | 411/488 [00:20<00:03, 19.92it/s]
0.5x CI:  85%|████████▍ | 413/488 [00:20<00:03, 19.91it/s]
0.5x CI:  85%|████████▌ | 415/488 [00:20<00:03, 19.90it/s]
0.5x CI:  85%|████████▌ | 417/488 [00:20<00:03, 19.91it/s]
0.5x CI:  86%|████████▌ | 419/488 [00:20<00:03, 19.93it/s]
0.5x CI:  86%|████████▋ | 422/488 [00:21<00:03, 19.94it/s]
0.5x CI:  87%|████████▋ | 424/488 [00:21<00:03, 19.94it/s]
0.5x CI:  87%|████████▋ | 426/488 [00:21<00:03, 19.92it/s]
0.5x CI:  88%|████████▊ | 428/488 [00:21<00:03, 19.91it/s]
0.5x CI:  88%|████████▊ | 430/488 [00:21<00:02, 19.90it/s]
0.5x CI:  89%|████████▊ | 432/488 [00:21<00:02, 19.91it/s]
0.5x CI:  89%|████████▉ | 434/488 [00:21<00:02, 19.92it/s]
0.5x CI:  89%|████████▉ | 436/488 [00:21<00:02, 19.95it/s]
0.5x CI:  90%|████████▉ | 438/488 [00:21<00:02, 19.93it/s]
0.5x CI:  90%|█████████ | 440/488 [00:21<00:02, 19.93it/s]
0.5x CI:  91%|█████████ | 442/488 [00:22<00:02, 19.91it/s]
0.5x CI:  91%|█████████ | 444/488 [00:22<00:02, 19.91it/s]
0.5x CI:  91%|█████████▏| 446/488 [00:22<00:02, 19.90it/s]
0.5x CI:  92%|█████████▏| 448/488 [00:22<00:02, 19.89it/s]
0.5x CI:  92%|█████████▏| 450/488 [00:22<00:01, 19.88it/s]
0.5x CI:  93%|█████████▎| 452/488 [00:22<00:01, 19.87it/s]
0.5x CI:  93%|█████████▎| 454/488 [00:22<00:01, 19.87it/s]
0.5x CI:  93%|█████████▎| 456/488 [00:22<00:01, 19.85it/s]
0.5x CI:  94%|█████████▍| 458/488 [00:22<00:01, 19.85it/s]
0.5x CI:  94%|█████████▍| 460/488 [00:22<00:01, 19.85it/s]
0.5x CI:  95%|█████████▍| 462/488 [00:23<00:01, 19.85it/s]
0.5x CI:  95%|█████████▌| 464/488 [00:23<00:01, 19.86it/s]
0.5x CI:  95%|█████████▌| 466/488 [00:23<00:01, 19.87it/s]
0.5x CI:  96%|█████████▌| 468/488 [00:23<00:01, 19.90it/s]
0.5x CI:  97%|█████████▋| 471/488 [00:23<00:00, 19.93it/s]
0.5x CI:  97%|█████████▋| 474/488 [00:23<00:00, 19.96it/s]
0.5x CI:  98%|█████████▊| 476/488 [00:23<00:00, 19.95it/s]
0.5x CI:  98%|█████████▊| 478/488 [00:23<00:00, 19.93it/s]
0.5x CI:  98%|█████████▊| 480/488 [00:23<00:00, 19.92it/s]
0.5x CI:  99%|█████████▉| 482/488 [00:24<00:00, 19.90it/s]
0.5x CI:  99%|█████████▉| 484/488 [00:24<00:00, 19.88it/s]
0.5x CI: 100%|█████████▉| 486/488 [00:24<00:00, 19.87it/s]
0.5x CI: 100%|██████████| 488/488 [00:24<00:00, 19.87it/s]
0.5x CI: 100%|██████████| 488/488 [00:24<00:00, 20.00it/s]
Exception ignored in: <generator object Parquet._generate_tables at 0x7a94d82474c0>
Traceback (most recent call last):
  File "/root/nn_decompositions_venv/lib/python3.13/site-packages/datasets/packaged_modules/parquet/parquet.py", line 210, in _generate_tables
AttributeError: 'NoneType' object has no attribute 'ArrowInvalid'

============================================================
  SPD 1x
============================================================
 81%|████████▏ | 397/488 [00:21<00:04, 18.51it/s]
1x CI:  82%|████████▏ | 399/488 [00:21<00:04, 18.50it/s]
1x CI:  82%|████████▏ | 401/488 [00:21<00:04, 18.50it/s]
1x CI:  83%|████████▎ | 403/488 [00:21<00:04, 18.48it/s]
1x CI:  83%|████████▎ | 405/488 [00:21<00:04, 18.47it/s]
1x CI:  83%|████████▎ | 407/488 [00:21<00:04, 18.47it/s]
1x CI:  84%|████████▍ | 409/488 [00:22<00:04, 18.47it/s]
1x CI:  84%|████████▍ | 411/488 [00:22<00:04, 18.46it/s]
1x CI:  85%|████████▍ | 413/488 [00:22<00:04, 18.46it/s]
1x CI:  85%|████████▌ | 415/488 [00:22<00:03, 18.46it/s]
1x CI:  85%|████████▌ | 417/488 [00:22<00:03, 18.48it/s]
1x CI:  86%|████████▌ | 419/488 [00:22<00:03, 18.48it/s]
1x CI:  86%|████████▋ | 421/488 [00:22<00:03, 18.48it/s]
1x CI:  87%|████████▋ | 423/488 [00:22<00:03, 18.48it/s]
1x CI:  87%|████████▋ | 425/488 [00:22<00:03, 18.46it/s]
1x CI:  88%|████████▊ | 427/488 [00:22<00:03, 18.46it/s]
1x CI:  88%|████████▊ | 429/488 [00:23<00:03, 18.45it/s]
1x CI:  88%|████████▊ | 431/488 [00:23<00:03, 18.45it/s]
1x CI:  89%|████████▊ | 433/488 [00:23<00:02, 18.46it/s]
1x CI:  89%|████████▉ | 435/488 [00:23<00:02, 18.47it/s]
1x CI:  90%|████████▉ | 437/488 [00:23<00:02, 18.45it/s]
1x CI:  90%|████████▉ | 439/488 [00:23<00:02, 18.47it/s]
1x CI:  90%|█████████ | 441/488 [00:23<00:02, 18.49it/s]
1x CI:  91%|█████████ | 443/488 [00:23<00:02, 18.48it/s]
1x CI:  91%|█████████ | 445/488 [00:23<00:02, 18.49it/s]
1x CI:  92%|█████████▏| 447/488 [00:24<00:02, 18.45it/s]
1x CI:  92%|█████████▏| 449/488 [00:24<00:02, 18.46it/s]
1x CI:  92%|█████████▏| 451/488 [00:24<00:02, 18.45it/s]
1x CI:  93%|█████████▎| 453/488 [00:24<00:01, 18.46it/s]
1x CI:  93%|█████████▎| 455/488 [00:24<00:01, 18.46it/s]
1x CI:  94%|█████████▎| 457/488 [00:24<00:01, 18.45it/s]
1x CI:  94%|█████████▍| 459/488 [00:24<00:01, 18.45it/s]
1x CI:  94%|█████████▍| 461/488 [00:24<00:01, 18.44it/s]
1x CI:  95%|█████████▍| 463/488 [00:24<00:01, 18.45it/s]
1x CI:  95%|█████████▌| 465/488 [00:25<00:01, 18.43it/s]
1x CI:  96%|█████████▌| 467/488 [00:25<00:01, 18.43it/s]
1x CI:  96%|█████████▌| 469/488 [00:25<00:01, 18.42it/s]
1x CI:  97%|█████████▋| 471/488 [00:25<00:00, 18.41it/s]
1x CI:  97%|█████████▋| 473/488 [00:25<00:00, 18.43it/s]
1x CI:  97%|█████████▋| 475/488 [00:25<00:00, 18.41it/s]
1x CI:  98%|█████████▊| 477/488 [00:25<00:00, 18.41it/s]
1x CI:  98%|█████████▊| 479/488 [00:25<00:00, 18.41it/s]
1x CI:  99%|█████████▊| 481/488 [00:25<00:00, 18.42it/s]
1x CI:  99%|█████████▉| 483/488 [00:26<00:00, 18.41it/s]
1x CI:  99%|█████████▉| 485/488 [00:26<00:00, 18.41it/s]
1x CI: 100%|█████████▉| 487/488 [00:26<00:00, 18.41it/s]
1x CI: 100%|██████████| 488/488 [00:26<00:00, 18.55it/s]
Exception ignored in: <generator object Parquet._generate_tables at 0x6ffb734774c0>
Traceback (most recent call last):
  File "/root/nn_decompositions_venv/lib/python3.13/site-packages/datasets/packaged_modules/parquet/parquet.py", line 210, in _generate_tables
AttributeError: 'NoneType' object has no attribute 'ArrowInvalid'

============================================================
  SPD 2x
============================================================
 81%|████████▏ | 397/488 [00:24<00:05, 15.92it/s]
2x CI:  82%|████████▏ | 399/488 [00:24<00:05, 15.93it/s]
2x CI:  82%|████████▏ | 401/488 [00:25<00:05, 15.92it/s]
2x CI:  83%|████████▎ | 403/488 [00:25<00:05, 15.91it/s]
2x CI:  83%|████████▎ | 405/488 [00:25<00:05, 15.92it/s]
2x CI:  83%|████████▎ | 407/488 [00:25<00:05, 15.91it/s]
2x CI:  84%|████████▍ | 409/488 [00:25<00:04, 15.87it/s]
2x CI:  84%|████████▍ | 411/488 [00:25<00:04, 15.87it/s]
2x CI:  85%|████████▍ | 413/488 [00:25<00:04, 15.88it/s]
2x CI:  85%|████████▌ | 415/488 [00:25<00:04, 15.86it/s]
2x CI:  85%|████████▌ | 417/488 [00:26<00:04, 15.86it/s]
2x CI:  86%|████████▌ | 419/488 [00:26<00:04, 15.87it/s]
2x CI:  86%|████████▋ | 421/488 [00:26<00:04, 15.88it/s]
2x CI:  87%|████████▋ | 423/488 [00:26<00:04, 15.87it/s]
2x CI:  87%|████████▋ | 425/488 [00:26<00:03, 15.88it/s]
2x CI:  88%|████████▊ | 427/488 [00:26<00:03, 15.89it/s]
2x CI:  88%|████████▊ | 429/488 [00:26<00:03, 15.88it/s]
2x CI:  88%|████████▊ | 431/488 [00:26<00:03, 15.89it/s]
2x CI:  89%|████████▊ | 433/488 [00:27<00:03, 15.89it/s]
2x CI:  89%|████████▉ | 435/488 [00:27<00:03, 15.89it/s]
2x CI:  90%|████████▉ | 437/488 [00:27<00:03, 15.86it/s]
2x CI:  90%|████████▉ | 439/488 [00:27<00:03, 15.86it/s]
2x CI:  90%|█████████ | 441/488 [00:27<00:02, 15.84it/s]
2x CI:  91%|█████████ | 443/488 [00:27<00:02, 15.82it/s]
2x CI:  91%|█████████ | 445/488 [00:27<00:02, 15.83it/s]
2x CI:  92%|█████████▏| 447/488 [00:27<00:02, 15.83it/s]
2x CI:  92%|█████████▏| 449/488 [00:28<00:02, 15.81it/s]
2x CI:  92%|█████████▏| 451/488 [00:28<00:02, 15.82it/s]
2x CI:  93%|█████████▎| 453/488 [00:28<00:02, 15.82it/s]
2x CI:  93%|█████████▎| 455/488 [00:28<00:02, 15.79it/s]
2x CI:  94%|█████████▎| 457/488 [00:28<00:01, 15.80it/s]
2x CI:  94%|█████████▍| 459/488 [00:28<00:01, 15.80it/s]
2x CI:  94%|█████████▍| 461/488 [00:28<00:01, 15.80it/s]
2x CI:  95%|█████████▍| 463/488 [00:29<00:01, 15.82it/s]
2x CI:  95%|█████████▌| 465/488 [00:29<00:01, 15.84it/s]
2x CI:  96%|█████████▌| 467/488 [00:29<00:01, 15.83it/s]
2x CI:  96%|█████████▌| 469/488 [00:29<00:01, 15.81it/s]
2x CI:  97%|█████████▋| 471/488 [00:29<00:01, 15.82it/s]
2x CI:  97%|█████████▋| 473/488 [00:29<00:00, 15.81it/s]
2x CI:  97%|█████████▋| 475/488 [00:29<00:00, 15.83it/s]
2x CI:  98%|█████████▊| 477/488 [00:29<00:00, 15.84it/s]
2x CI:  98%|█████████▊| 479/488 [00:30<00:00, 15.82it/s]
2x CI:  99%|█████████▊| 481/488 [00:30<00:00, 15.81it/s]
2x CI:  99%|█████████▉| 483/488 [00:30<00:00, 15.81it/s]
2x CI:  99%|█████████▉| 485/488 [00:30<00:00, 15.79it/s]
2x CI: 100%|█████████▉| 487/488 [00:30<00:00, 15.79it/s]
2x CI: 100%|██████████| 488/488 [00:30<00:00, 15.95it/s]
Exception ignored in: <generator object Parquet._generate_tables at 0x790ae9b134c0>
Traceback (most recent call last):
  File "/root/nn_decompositions_venv/lib/python3.13/site-packages/datasets/packaged_modules/parquet/parquet.py", line 210, in _generate_tables
AttributeError: 'NoneType' object has no attribute 'ArrowInvalid'

============================================================
  SPD 4x
============================================================
 81%|████████▏ | 397/488 [00:31<00:07, 12.46it/s]
4x CI:  82%|████████▏ | 399/488 [00:32<00:07, 12.45it/s]
4x CI:  82%|████████▏ | 401/488 [00:32<00:06, 12.46it/s]
4x CI:  83%|████████▎ | 403/488 [00:32<00:06, 12.45it/s]
4x CI:  83%|████████▎ | 405/488 [00:32<00:06, 12.44it/s]
4x CI:  83%|████████▎ | 407/488 [00:32<00:06, 12.43it/s]
4x CI:  84%|████████▍ | 409/488 [00:32<00:06, 12.41it/s]
4x CI:  84%|████████▍ | 411/488 [00:33<00:06, 12.41it/s]
4x CI:  85%|████████▍ | 413/488 [00:33<00:06, 12.38it/s]
4x CI:  85%|████████▌ | 415/488 [00:33<00:05, 12.37it/s]
4x CI:  85%|████████▌ | 417/488 [00:33<00:05, 12.35it/s]
4x CI:  86%|████████▌ | 419/488 [00:33<00:05, 12.35it/s]
4x CI:  86%|████████▋ | 421/488 [00:33<00:05, 12.37it/s]
4x CI:  87%|████████▋ | 423/488 [00:33<00:05, 12.37it/s]
4x CI:  87%|████████▋ | 425/488 [00:34<00:05, 12.37it/s]
4x CI:  88%|████████▊ | 427/488 [00:34<00:04, 12.37it/s]
4x CI:  88%|████████▊ | 429/488 [00:34<00:04, 12.38it/s]
4x CI:  88%|████████▊ | 431/488 [00:34<00:04, 12.38it/s]
4x CI:  89%|████████▊ | 433/488 [00:34<00:04, 12.36it/s]
4x CI:  89%|████████▉ | 435/488 [00:34<00:04, 12.36it/s]
4x CI:  90%|████████▉ | 437/488 [00:35<00:04, 12.34it/s]
4x CI:  90%|████████▉ | 439/488 [00:35<00:03, 12.32it/s]
4x CI:  90%|█████████ | 441/488 [00:35<00:03, 12.33it/s]
4x CI:  91%|█████████ | 443/488 [00:35<00:03, 12.37it/s]
4x CI:  91%|█████████ | 445/488 [00:35<00:03, 12.37it/s]
4x CI:  92%|█████████▏| 447/488 [00:35<00:03, 12.39it/s]
4x CI:  92%|█████████▏| 449/488 [00:36<00:03, 12.40it/s]
4x CI:  92%|█████████▏| 451/488 [00:36<00:02, 12.40it/s]
4x CI:  93%|█████████▎| 453/488 [00:36<00:02, 12.40it/s]
4x CI:  93%|█████████▎| 455/488 [00:36<00:02, 12.39it/s]
4x CI:  94%|█████████▎| 457/488 [00:36<00:02, 12.38it/s]
4x CI:  94%|█████████▍| 459/488 [00:36<00:02, 12.37it/s]
4x CI:  94%|█████████▍| 461/488 [00:37<00:02, 12.35it/s]
4x CI:  95%|█████████▍| 463/488 [00:37<00:02, 12.35it/s]
4x CI:  95%|█████████▌| 465/488 [00:37<00:01, 12.34it/s]
4x CI:  96%|█████████▌| 467/488 [00:37<00:01, 12.34it/s]
4x CI:  96%|█████████▌| 469/488 [00:37<00:01, 12.36it/s]
4x CI:  97%|█████████▋| 471/488 [00:37<00:01, 12.38it/s]
4x CI:  97%|█████████▋| 473/488 [00:38<00:01, 12.38it/s]
4x CI:  97%|█████████▋| 475/488 [00:38<00:01, 12.37it/s]
4x CI:  98%|█████████▊| 477/488 [00:38<00:00, 12.37it/s]
4x CI:  98%|█████████▊| 479/488 [00:38<00:00, 12.34it/s]
4x CI:  99%|█████████▊| 481/488 [00:38<00:00, 12.34it/s]
4x CI:  99%|█████████▉| 483/488 [00:38<00:00, 12.33it/s]
4x CI:  99%|█████████▉| 485/488 [00:38<00:00, 12.34it/s]
4x CI: 100%|█████████▉| 487/488 [00:39<00:00, 12.32it/s]
4x CI: 100%|██████████| 488/488 [00:39<00:00, 12.44it/s]
Exception ignored in: <generator object Parquet._generate_tables at 0x73679b8174c0>
Traceback (most recent call last):
  File "/root/nn_decompositions_venv/lib/python3.13/site-packages/datasets/packaged_modules/parquet/parquet.py", line 210, in _generate_tables
AttributeError: 'NoneType' object has no attribute 'ArrowInvalid'

============================================================
  TC 4096
============================================================
TC L2 alive:  92%|█████████▏| 451/488 [00:03<00:00, 124.73it/s]
TC L2 alive:  95%|█████████▌| 464/488 [00:03<00:00, 124.72it/s]
TC L2 alive:  98%|█████████▊| 477/488 [00:03<00:00, 124.72it/s]
TC L2 alive: 100%|██████████| 488/488 [00:03<00:00, 125.86it/s]

TC L3 alive:   0%|          | 0/488 [00:00<?, ?it/s]
TC L3 alive:   3%|▎         | 17/488 [00:00<00:02, 158.25it/s]
TC L3 alive:   7%|▋         | 33/488 [00:00<00:03, 137.33it/s]
TC L3 alive:  10%|▉         | 47/488 [00:00<00:03, 131.86it/s]
TC L3 alive:  12%|█▎        | 61/488 [00:00<00:03, 129.23it/s]
TC L3 alive:  15%|█▌        | 74/488 [00:00<00:03, 127.81it/s]
TC L3 alive:  18%|█▊        | 87/488 [00:00<00:03, 126.89it/s]
TC L3 alive:  20%|██        | 100/488 [00:00<00:03, 126.27it/s]
TC L3 alive:  23%|██▎       | 113/488 [00:00<00:02, 125.86it/s]
TC L3 alive:  26%|██▌       | 126/488 [00:00<00:02, 125.55it/s]
TC L3 alive:  28%|██▊       | 139/488 [00:01<00:02, 125.34it/s]
TC L3 alive:  31%|███       | 152/488 [00:01<00:02, 125.20it/s]
TC L3 alive:  34%|███▍      | 165/488 [00:01<00:02, 125.11it/s]
TC L3 alive:  36%|███▋      | 178/488 [00:01<00:02, 125.03it/s]
TC L3 alive:  39%|███▉      | 191/488 [00:01<00:02, 124.99it/s]
TC L3 alive:  42%|████▏     | 204/488 [00:01<00:02, 124.97it/s]
TC L3 alive:  44%|████▍     | 217/488 [00:01<00:02, 124.94it/s]
TC L3 alive:  47%|████▋     | 230/488 [00:01<00:02, 124.92it/s]
TC L3 alive:  50%|████▉     | 243/488 [00:01<00:01, 124.91it/s]
TC L3 alive:  52%|█████▏    | 256/488 [00:02<00:01, 124.90it/s]
TC L3 alive:  55%|█████▌    | 269/488 [00:02<00:01, 124.87it/s]
TC L3 alive:  58%|█████▊    | 282/488 [00:02<00:01, 124.85it/s]
TC L3 alive:  60%|██████    | 295/488 [00:02<00:01, 124.84it/s]
TC L3 alive:  63%|██████▎   | 308/488 [00:02<00:01, 124.84it/s]
TC L3 alive:  66%|██████▌   | 321/488 [00:02<00:01, 124.80it/s]
TC L3 alive:  68%|██████▊   | 334/488 [00:02<00:01, 124.79it/s]
TC L3 alive:  71%|███████   | 347/488 [00:02<00:01, 124.79it/s]
TC L3 alive:  74%|███████▍  | 360/488 [00:02<00:01, 124.80it/s]
TC L3 alive:  76%|███████▋  | 373/488 [00:02<00:00, 124.81it/s]
TC L3 alive:  79%|███████▉  | 386/488 [00:03<00:00, 124.78it/s]
TC L3 alive:  82%|████████▏ | 399/488 [00:03<00:00, 124.79it/s]
TC L3 alive:  84%|████████▍ | 412/488 [00:03<00:00, 124.78it/s]
TC L3 alive:  87%|████████▋ | 425/488 [00:03<00:00, 124.79it/s]
TC L3 alive:  90%|████████▉ | 438/488 [00:03<00:00, 124.77it/s]
TC L3 alive:  92%|█████████▏| 451/488 [00:03<00:00, 124.75it/s]
TC L3 alive:  95%|█████████▌| 464/488 [00:03<00:00, 124.75it/s]
TC L3 alive:  98%|█████████▊| 477/488 [00:03<00:00, 124.73it/s]
TC L3 alive: 100%|██████████| 488/488 [00:03<00:00, 125.77it/s]
Exception ignored in: <generator object Parquet._generate_tables at 0x732c3ea293c0>
Traceback (most recent call last):
  File "/root/nn_decompositions_venv/lib/python3.13/site-packages/datasets/packaged_modules/parquet/parquet.py", line 210, in _generate_tables
AttributeError: 'NoneType' object has no attribute 'ArrowInvalid'

============================================================
  TC 32768
============================================================
 [00:03<00:04, 60.29it/s]
TC L3 alive:  42%|████▏     | 203/488 [00:03<00:04, 60.28it/s]
TC L3 alive:  43%|████▎     | 210/488 [00:03<00:04, 60.28it/s]
TC L3 alive:  44%|████▍     | 217/488 [00:03<00:04, 60.28it/s]
TC L3 alive:  46%|████▌     | 224/488 [00:03<00:04, 60.28it/s]
TC L3 alive:  47%|████▋     | 231/488 [00:03<00:04, 60.28it/s]
TC L3 alive:  49%|████▉     | 238/488 [00:03<00:04, 60.27it/s]
TC L3 alive:  50%|█████     | 245/488 [00:04<00:04, 60.27it/s]
TC L3 alive:  52%|█████▏    | 252/488 [00:04<00:03, 60.28it/s]
TC L3 alive:  53%|█████▎    | 259/488 [00:04<00:03, 60.28it/s]
TC L3 alive:  55%|█████▍    | 266/488 [00:04<00:03, 60.27it/s]
TC L3 alive:  56%|█████▌    | 273/488 [00:04<00:03, 60.27it/s]
TC L3 alive:  57%|█████▋    | 280/488 [00:04<00:03, 60.27it/s]
TC L3 alive:  59%|█████▉    | 287/488 [00:04<00:03, 60.26it/s]
TC L3 alive:  60%|██████    | 294/488 [00:04<00:03, 60.26it/s]
TC L3 alive:  62%|██████▏   | 301/488 [00:04<00:03, 60.25it/s]
TC L3 alive:  63%|██████▎   | 308/488 [00:05<00:02, 60.25it/s]
TC L3 alive:  65%|██████▍   | 315/488 [00:05<00:02, 60.26it/s]
TC L3 alive:  66%|██████▌   | 322/488 [00:05<00:02, 60.26it/s]
TC L3 alive:  67%|██████▋   | 329/488 [00:05<00:02, 60.26it/s]
TC L3 alive:  69%|██████▉   | 336/488 [00:05<00:02, 60.26it/s]
TC L3 alive:  70%|███████   | 343/488 [00:05<00:02, 60.27it/s]
TC L3 alive:  72%|███████▏  | 350/488 [00:05<00:02, 60.27it/s]
TC L3 alive:  73%|███████▎  | 357/488 [00:05<00:02, 60.26it/s]
TC L3 alive:  75%|███████▍  | 364/488 [00:05<00:02, 60.26it/s]
TC L3 alive:  76%|███████▌  | 371/488 [00:06<00:01, 60.26it/s]
TC L3 alive:  77%|███████▋  | 378/488 [00:06<00:01, 60.25it/s]
TC L3 alive:  79%|███████▉  | 385/488 [00:06<00:01, 60.25it/s]
TC L3 alive:  80%|████████  | 392/488 [00:06<00:01, 60.24it/s]
TC L3 alive:  82%|████████▏ | 399/488 [00:06<00:01, 60.24it/s]
TC L3 alive:  83%|████████▎ | 406/488 [00:06<00:01, 60.25it/s]
TC L3 alive:  85%|████████▍ | 413/488 [00:06<00:01, 60.26it/s]
TC L3 alive:  86%|████████▌ | 420/488 [00:06<00:01, 60.26it/s]
TC L3 alive:  88%|████████▊ | 427/488 [00:07<00:01, 60.26it/s]
TC L3 alive:  89%|████████▉ | 434/488 [00:07<00:00, 60.25it/s]
TC L3 alive:  90%|█████████ | 441/488 [00:07<00:00, 60.25it/s]
TC L3 alive:  92%|█████████▏| 448/488 [00:07<00:00, 60.25it/s]
TC L3 alive:  93%|█████████▎| 455/488 [00:07<00:00, 60.25it/s]
TC L3 alive:  95%|█████████▍| 462/488 [00:07<00:00, 60.25it/s]
TC L3 alive:  96%|█████████▌| 469/488 [00:07<00:00, 60.24it/s]
TC L3 alive:  98%|█████████▊| 476/488 [00:07<00:00, 60.25it/s]
TC L3 alive:  99%|█████████▉| 483/488 [00:07<00:00, 60.25it/s]
TC L3 alive: 100%|██████████| 488/488 [00:08<00:00, 60.74it/s]
Exception ignored in: <generator object Parquet._generate_tables at 0x7b4f1a6113c0>
Traceback (most recent call last):
  File "/root/nn_decompositions_venv/lib/python3.13/site-packages/datasets/packaged_modules/parquet/parquet.py", line 210, in _generate_tables
AttributeError: 'NoneType' object has no attribute 'ArrowInvalid'

============================================================
  CLT 4096
============================================================
:03<00:00, 124.99it/s]
CLT L2 alive:  95%|█████████▌| 464/488 [00:03<00:00, 124.98it/s]
CLT L2 alive:  98%|█████████▊| 477/488 [00:03<00:00, 124.95it/s]
CLT L2 alive: 100%|██████████| 488/488 [00:03<00:00, 126.04it/s]

CLT L3 alive:   0%|          | 0/488 [00:00<?, ?it/s]
CLT L3 alive:   3%|▎         | 17/488 [00:00<00:02, 158.26it/s]
CLT L3 alive:   7%|▋         | 33/488 [00:00<00:03, 137.31it/s]
CLT L3 alive:  10%|▉         | 47/488 [00:00<00:03, 131.85it/s]
CLT L3 alive:  12%|█▎        | 61/488 [00:00<00:03, 129.14it/s]
CLT L3 alive:  15%|█▌        | 74/488 [00:00<00:03, 127.69it/s]
CLT L3 alive:  18%|█▊        | 87/488 [00:00<00:03, 126.74it/s]
CLT L3 alive:  20%|██        | 100/488 [00:00<00:03, 126.12it/s]
CLT L3 alive:  23%|██▎       | 113/488 [00:00<00:02, 125.71it/s]
CLT L3 alive:  26%|██▌       | 126/488 [00:00<00:02, 125.41it/s]
CLT L3 alive:  28%|██▊       | 139/488 [00:01<00:02, 125.23it/s]
CLT L3 alive:  31%|███       | 152/488 [00:01<00:02, 125.09it/s]
CLT L3 alive:  34%|███▍      | 165/488 [00:01<00:02, 124.99it/s]
CLT L3 alive:  36%|███▋      | 178/488 [00:01<00:02, 124.95it/s]
CLT L3 alive:  39%|███▉      | 191/488 [00:01<00:02, 124.89it/s]
CLT L3 alive:  42%|████▏     | 204/488 [00:01<00:02, 124.83it/s]
CLT L3 alive:  44%|████▍     | 217/488 [00:01<00:02, 124.77it/s]
CLT L3 alive:  47%|████▋     | 230/488 [00:01<00:02, 124.73it/s]
CLT L3 alive:  50%|████▉     | 243/488 [00:01<00:01, 124.71it/s]
CLT L3 alive:  52%|█████▏    | 256/488 [00:02<00:01, 124.70it/s]
CLT L3 alive:  55%|█████▌    | 269/488 [00:02<00:01, 124.69it/s]
CLT L3 alive:  58%|█████▊    | 282/488 [00:02<00:01, 124.66it/s]
CLT L3 alive:  60%|██████    | 295/488 [00:02<00:01, 124.65it/s]
CLT L3 alive:  63%|██████▎   | 308/488 [00:02<00:01, 124.65it/s]
CLT L3 alive:  66%|██████▌   | 321/488 [00:02<00:01, 124.64it/s]
CLT L3 alive:  68%|██████▊   | 334/488 [00:02<00:01, 124.63it/s]
CLT L3 alive:  71%|███████   | 347/488 [00:02<00:01, 124.64it/s]
CLT L3 alive:  74%|███████▍  | 360/488 [00:02<00:01, 124.64it/s]
CLT L3 alive:  76%|███████▋  | 373/488 [00:02<00:00, 124.63it/s]
CLT L3 alive:  79%|███████▉  | 386/488 [00:03<00:00, 124.63it/s]
CLT L3 alive:  82%|████████▏ | 399/488 [00:03<00:00, 124.63it/s]
CLT L3 alive:  84%|████████▍ | 412/488 [00:03<00:00, 124.62it/s]
CLT L3 alive:  87%|████████▋ | 425/488 [00:03<00:00, 124.63it/s]
CLT L3 alive:  90%|████████▉ | 438/488 [00:03<00:00, 124.62it/s]
CLT L3 alive:  92%|█████████▏| 451/488 [00:03<00:00, 124.63it/s]
CLT L3 alive:  95%|█████████▌| 464/488 [00:03<00:00, 124.62it/s]
CLT L3 alive:  98%|█████████▊| 477/488 [00:03<00:00, 124.61it/s]
CLT L3 alive: 100%|██████████| 488/488 [00:03<00:00, 125.63it/s]
Exception ignored in: <generator object Parquet._generate_tables at 0x735865aa13c0>
Traceback (most recent call last):
  File "/root/nn_decompositions_venv/lib/python3.13/site-packages/datasets/packaged_modules/parquet/parquet.py", line 210, in _generate_tables
AttributeError: 'NoneType' object has no attribute 'ArrowInvalid'

============================================================
  CLT 32768
============================================================
2%|████▏     | 203/488 [00:03<00:04, 60.20it/s]
CLT L3 alive:  43%|████▎     | 210/488 [00:03<00:04, 60.20it/s]
CLT L3 alive:  44%|████▍     | 217/488 [00:03<00:04, 60.19it/s]
CLT L3 alive:  46%|████▌     | 224/488 [00:03<00:04, 60.20it/s]
CLT L3 alive:  47%|████▋     | 231/488 [00:03<00:04, 60.19it/s]
CLT L3 alive:  49%|████▉     | 238/488 [00:03<00:04, 60.20it/s]
CLT L3 alive:  50%|█████     | 245/488 [00:04<00:04, 60.21it/s]
CLT L3 alive:  52%|█████▏    | 252/488 [00:04<00:03, 60.21it/s]
CLT L3 alive:  53%|█████▎    | 259/488 [00:04<00:03, 60.21it/s]
CLT L3 alive:  55%|█████▍    | 266/488 [00:04<00:03, 60.19it/s]
CLT L3 alive:  56%|█████▌    | 273/488 [00:04<00:03, 60.18it/s]
CLT L3 alive:  57%|█████▋    | 280/488 [00:04<00:03, 60.19it/s]
CLT L3 alive:  59%|█████▉    | 287/488 [00:04<00:03, 60.18it/s]
CLT L3 alive:  60%|██████    | 294/488 [00:04<00:03, 60.18it/s]
CLT L3 alive:  62%|██████▏   | 301/488 [00:04<00:03, 60.19it/s]
CLT L3 alive:  63%|██████▎   | 308/488 [00:05<00:02, 60.19it/s]
CLT L3 alive:  65%|██████▍   | 315/488 [00:05<00:02, 60.18it/s]
CLT L3 alive:  66%|██████▌   | 322/488 [00:05<00:02, 60.19it/s]
CLT L3 alive:  67%|██████▋   | 329/488 [00:05<00:02, 60.19it/s]
CLT L3 alive:  69%|██████▉   | 336/488 [00:05<00:02, 60.19it/s]
CLT L3 alive:  70%|███████   | 343/488 [00:05<00:02, 60.20it/s]
CLT L3 alive:  72%|███████▏  | 350/488 [00:05<00:02, 60.20it/s]
CLT L3 alive:  73%|███████▎  | 357/488 [00:05<00:02, 60.19it/s]
CLT L3 alive:  75%|███████▍  | 364/488 [00:05<00:02, 60.19it/s]
CLT L3 alive:  76%|███████▌  | 371/488 [00:06<00:01, 60.19it/s]
CLT L3 alive:  77%|███████▋  | 378/488 [00:06<00:01, 60.19it/s]
CLT L3 alive:  79%|███████▉  | 385/488 [00:06<00:01, 60.19it/s]
CLT L3 alive:  80%|████████  | 392/488 [00:06<00:01, 60.19it/s]
CLT L3 alive:  82%|████████▏ | 399/488 [00:06<00:01, 60.18it/s]
CLT L3 alive:  83%|████████▎ | 406/488 [00:06<00:01, 60.17it/s]
CLT L3 alive:  85%|████████▍ | 413/488 [00:06<00:01, 60.17it/s]
CLT L3 alive:  86%|████████▌ | 420/488 [00:06<00:01, 60.17it/s]
CLT L3 alive:  88%|████████▊ | 427/488 [00:07<00:01, 60.17it/s]
CLT L3 alive:  89%|████████▉ | 434/488 [00:07<00:00, 60.16it/s]
CLT L3 alive:  90%|█████████ | 441/488 [00:07<00:00, 60.17it/s]
CLT L3 alive:  92%|█████████▏| 448/488 [00:07<00:00, 60.16it/s]
CLT L3 alive:  93%|█████████▎| 455/488 [00:07<00:00, 60.17it/s]
CLT L3 alive:  95%|█████████▍| 462/488 [00:07<00:00, 60.17it/s]
CLT L3 alive:  96%|█████████▌| 469/488 [00:07<00:00, 60.18it/s]
CLT L3 alive:  98%|█████████▊| 476/488 [00:07<00:00, 60.18it/s]
CLT L3 alive:  99%|█████████▉| 483/488 [00:07<00:00, 60.18it/s]
CLT L3 alive: 100%|██████████| 488/488 [00:08<00:00, 60.67it/s]
Exception ignored in: <generator object Parquet._generate_tables at 0x791128be93c0>
Traceback (most recent call last):
  File "/root/nn_decompositions_venv/lib/python3.13/site-packages/datasets/packaged_modules/parquet/parquet.py", line 210, in _generate_tables
AttributeError: 'NoneType' object has no attribute 'ArrowInvalid'
Plot saved to experiments/exp_051_cosine_matrix_splitting/output/cosine_matrix_capacity.png and experiments/exp_051_cosine_matrix_splitting/output/cosine_matrix_capacity.pdf
